[0.025s] Invoking command in '/home/ariel/autonomy_ws/build/autonomy_repo': CMAKE_PREFIX_PATH=${CMAKE_PREFIX_PATH}:/opt/ros/humble /usr/bin/cmake --build /home/ariel/autonomy_ws/build/autonomy_repo -- -j8 -l8
[0.105s] Invoked command in '/home/ariel/autonomy_ws/build/autonomy_repo' returned '0': CMAKE_PREFIX_PATH=${CMAKE_PREFIX_PATH}:/opt/ros/humble /usr/bin/cmake --build /home/ariel/autonomy_ws/build/autonomy_repo -- -j8 -l8
[0.125s] Invoking command in '/home/ariel/autonomy_ws/build/autonomy_repo': CMAKE_PREFIX_PATH=${CMAKE_PREFIX_PATH}:/opt/ros/humble /usr/bin/cmake --install /home/ariel/autonomy_ws/build/autonomy_repo
[0.161s] -- Install configuration: ""
[0.161s] -- Execute custom install script
[0.162s] -- Up-to-date symlink: /home/ariel/autonomy_ws/install/autonomy_repo/lib/autonomy_repo/heading_controller.py
[0.162s] -- Up-to-date symlink: /home/ariel/autonomy_ws/install/autonomy_repo/lib/autonomy_repo/p3_plot.py
[0.162s] -- Up-to-date symlink: /home/ariel/autonomy_ws/install/autonomy_repo/share/autonomy_repo/launch/heading_control.launch.py
[0.162s] -- Up-to-date symlink: /home/ariel/autonomy_ws/install/autonomy_repo/share/autonomy_repo/rviz/default.rviz
[0.162s] -- Up-to-date symlink: /home/ariel/autonomy_ws/install/autonomy_repo/share/ament_index/resource_index/package_run_dependencies/autonomy_repo
[0.162s] -- Up-to-date symlink: /home/ariel/autonomy_ws/install/autonomy_repo/share/ament_index/resource_index/parent_prefix_path/autonomy_repo
[0.163s] -- Up-to-date symlink: /home/ariel/autonomy_ws/install/autonomy_repo/share/autonomy_repo/environment/ament_prefix_path.sh
[0.163s] -- Up-to-date symlink: /home/ariel/autonomy_ws/install/autonomy_repo/share/autonomy_repo/environment/ament_prefix_path.dsv
[0.163s] -- Up-to-date symlink: /home/ariel/autonomy_ws/install/autonomy_repo/share/autonomy_repo/environment/path.sh
[0.163s] -- Up-to-date symlink: /home/ariel/autonomy_ws/install/autonomy_repo/share/autonomy_repo/environment/path.dsv
[0.164s] -- Up-to-date symlink: /home/ariel/autonomy_ws/install/autonomy_repo/share/autonomy_repo/local_setup.bash
[0.164s] -- Up-to-date symlink: /home/ariel/autonomy_ws/install/autonomy_repo/share/autonomy_repo/local_setup.sh
[0.165s] -- Up-to-date symlink: /home/ariel/autonomy_ws/install/autonomy_repo/share/autonomy_repo/local_setup.zsh
[0.165s] -- Up-to-date symlink: /home/ariel/autonomy_ws/install/autonomy_repo/share/autonomy_repo/local_setup.dsv
[0.165s] -- Symlinking: /home/ariel/autonomy_ws/install/autonomy_repo/share/autonomy_repo/package.dsv
[0.175s] -- Up-to-date symlink: /home/ariel/autonomy_ws/install/autonomy_repo/share/ament_index/resource_index/packages/autonomy_repo
[0.175s] -- Up-to-date symlink: /home/ariel/autonomy_ws/install/autonomy_repo/share/autonomy_repo/cmake/autonomy_repoConfig.cmake
[0.176s] -- Up-to-date symlink: /home/ariel/autonomy_ws/install/autonomy_repo/share/autonomy_repo/cmake/autonomy_repoConfig-version.cmake
[0.176s] -- Up-to-date symlink: /home/ariel/autonomy_ws/install/autonomy_repo/share/autonomy_repo/package.xml
[0.181s] Invoked command in '/home/ariel/autonomy_ws/build/autonomy_repo' returned '0': CMAKE_PREFIX_PATH=${CMAKE_PREFIX_PATH}:/opt/ros/humble /usr/bin/cmake --install /home/ariel/autonomy_ws/build/autonomy_repo
