[0.005s] Invoking command in '/home/ariel/autonomy_ws/build/autonomy_repo': /usr/bin/cmake /home/ariel/autonomy_ws/src/autonomy_repo -DAMENT_CMAKE_SYMLINK_INSTALL=1 -DCMAKE_INSTALL_PREFIX=/home/ariel/autonomy_ws/install/autonomy_repo
[0.046s] -- The C compiler identification is GNU 11.4.0
[0.078s] -- The CXX compiler identification is GNU 11.4.0
[0.081s] -- Detecting C compiler ABI info
[0.113s] -- Detecting C compiler ABI info - done
[0.117s] -- Check for working C compiler: /usr/bin/cc - skipped
[0.117s] -- Detecting C compile features
[0.117s] -- Detecting C compile features - done
[0.119s] -- Detecting CXX compiler ABI info
[0.155s] -- Detecting CXX compiler ABI info - done
[0.158s] -- Check for working CXX compiler: /usr/bin/c++ - skipped
[0.158s] -- Detecting CXX compile features
[0.159s] -- Detecting CXX compile features - done
[0.166s] [31mCMake Error at CMakeLists.txt:9 (find_package):
[0.166s]   By not providing "Findament_cmake.cmake" in CMAKE_MODULE_PATH this project
[0.166s]   has asked CMake to find a package configuration file provided by
[0.166s]   "ament_cmake", but CMake did not find one.
[0.166s] 
[0.166s]   Could not find a package configuration file provided by "ament_cmake" with
[0.166s]   any of the following names:
[0.166s] 
[0.166s]     ament_cmakeConfig.cmake
[0.166s]     ament_cmake-config.cmake
[0.166s] 
[0.166s]   Add the installation prefix of "ament_cmake" to CMAKE_PREFIX_PATH or set
[0.166s]   "ament_cmake_DIR" to a directory containing one of the above files.  If
[0.166s]   "ament_cmake" provides a separate development package or SDK, be sure it
[0.166s]   has been installed.
[0.166s] 
[0.166s] [0m
[0.166s] -- Configuring incomplete, errors occurred!
[0.166s] See also "/home/ariel/autonomy_ws/build/autonomy_repo/CMakeFiles/CMakeOutput.log".
[0.167s] Invoked command in '/home/ariel/autonomy_ws/build/autonomy_repo' returned '1': /usr/bin/cmake /home/ariel/autonomy_ws/src/autonomy_repo -DAMENT_CMAKE_SYMLINK_INSTALL=1 -DCMAKE_INSTALL_PREFIX=/home/ariel/autonomy_ws/install/autonomy_repo
