[0.006s] Invoking command in '/home/ariel/autonomy_ws/build/autonomy_repo': CMAKE_PREFIX_PATH=${CMAKE_PREFIX_PATH}:/opt/ros/humble /usr/bin/cmake /home/ariel/autonomy_ws/src/autonomy_repo -DAMENT_CMAKE_SYMLINK_INSTALL=1 -DCMAKE_INSTALL_PREFIX=/home/ariel/autonomy_ws/install/autonomy_repo
[0.018s] -- Found ament_cmake: 1.3.12 (/opt/ros/humble/share/ament_cmake/cmake)
[0.088s] -- Found Python3: /usr/bin/python3 (found version "3.10.12") found components: Interpreter 
[0.117s] -- Override CMake install command with custom implementation using symlinks instead of copying resources
[0.138s] -- Found ament_lint_auto: 0.12.14 (/opt/ros/humble/share/ament_lint_auto/cmake)
[0.176s] -- Added test 'flake8' to check Python code syntax and style conventions
[0.176s] -- Added test 'lint_cmake' to check CMake code style
[0.177s] -- Added test 'pep257' to check Python code against some of the docstring style conventions in PEP 257
[0.178s] -- Added test 'xmllint' to check XML markup files
[0.179s] -- Configuring done
[0.181s] -- Generating done
[0.181s] -- Build files have been written to: /home/ariel/autonomy_ws/build/autonomy_repo
[0.183s] Invoked command in '/home/ariel/autonomy_ws/build/autonomy_repo' returned '0': CMAKE_PREFIX_PATH=${CMAKE_PREFIX_PATH}:/opt/ros/humble /usr/bin/cmake /home/ariel/autonomy_ws/src/autonomy_repo -DAMENT_CMAKE_SYMLINK_INSTALL=1 -DCMAKE_INSTALL_PREFIX=/home/ariel/autonomy_ws/install/autonomy_repo
[0.185s] Invoking command in '/home/ariel/autonomy_ws/build/autonomy_repo': CMAKE_PREFIX_PATH=${CMAKE_PREFIX_PATH}:/opt/ros/humble /usr/bin/cmake --build /home/ariel/autonomy_ws/build/autonomy_repo -- -j8 -l8
[0.198s] Invoked command in '/home/ariel/autonomy_ws/build/autonomy_repo' returned '0': CMAKE_PREFIX_PATH=${CMAKE_PREFIX_PATH}:/opt/ros/humble /usr/bin/cmake --build /home/ariel/autonomy_ws/build/autonomy_repo -- -j8 -l8
[0.202s] Invoking command in '/home/ariel/autonomy_ws/build/autonomy_repo': CMAKE_PREFIX_PATH=${CMAKE_PREFIX_PATH}:/opt/ros/humble /usr/bin/cmake --install /home/ariel/autonomy_ws/build/autonomy_repo
[0.204s] -- Install configuration: ""
[0.205s] -- Execute custom install script
[0.205s] -- Symlinking: /home/ariel/autonomy_ws/install/autonomy_repo/lib/autonomy_repo/heading_controller.py
[0.207s] -- Symlinking: /home/ariel/autonomy_ws/install/autonomy_repo/lib/autonomy_repo/p3_plot.py
[0.210s] -- Symlinking: /home/ariel/autonomy_ws/install/autonomy_repo/share/autonomy_repo/launch/heading_control.launch.py
[0.213s] -- Symlinking: /home/ariel/autonomy_ws/install/autonomy_repo/share/autonomy_repo/rviz/default.rviz
[0.216s] -- Symlinking: /home/ariel/autonomy_ws/install/autonomy_repo/share/ament_index/resource_index/package_run_dependencies/autonomy_repo
[0.219s] -- Symlinking: /home/ariel/autonomy_ws/install/autonomy_repo/share/ament_index/resource_index/parent_prefix_path/autonomy_repo
[0.222s] -- Symlinking: /home/ariel/autonomy_ws/install/autonomy_repo/share/autonomy_repo/environment/ament_prefix_path.sh
[0.224s] -- Symlinking: /home/ariel/autonomy_ws/install/autonomy_repo/share/autonomy_repo/environment/ament_prefix_path.dsv
[0.227s] -- Symlinking: /home/ariel/autonomy_ws/install/autonomy_repo/share/autonomy_repo/environment/path.sh
[0.232s] -- Symlinking: /home/ariel/autonomy_ws/install/autonomy_repo/share/autonomy_repo/environment/path.dsv
[0.235s] -- Symlinking: /home/ariel/autonomy_ws/install/autonomy_repo/share/autonomy_repo/local_setup.bash
[0.238s] -- Symlinking: /home/ariel/autonomy_ws/install/autonomy_repo/share/autonomy_repo/local_setup.sh
[0.242s] -- Symlinking: /home/ariel/autonomy_ws/install/autonomy_repo/share/autonomy_repo/local_setup.zsh
[0.244s] -- Symlinking: /home/ariel/autonomy_ws/install/autonomy_repo/share/autonomy_repo/local_setup.dsv
[0.247s] -- Symlinking: /home/ariel/autonomy_ws/install/autonomy_repo/share/autonomy_repo/package.dsv
[0.250s] -- Symlinking: /home/ariel/autonomy_ws/install/autonomy_repo/share/ament_index/resource_index/packages/autonomy_repo
[0.254s] -- Symlinking: /home/ariel/autonomy_ws/install/autonomy_repo/share/autonomy_repo/cmake/autonomy_repoConfig.cmake
[0.256s] -- Symlinking: /home/ariel/autonomy_ws/install/autonomy_repo/share/autonomy_repo/cmake/autonomy_repoConfig-version.cmake
[0.259s] -- Symlinking: /home/ariel/autonomy_ws/install/autonomy_repo/share/autonomy_repo/package.xml
[0.264s] Invoked command in '/home/ariel/autonomy_ws/build/autonomy_repo' returned '0': CMAKE_PREFIX_PATH=${CMAKE_PREFIX_PATH}:/opt/ros/humble /usr/bin/cmake --install /home/ariel/autonomy_ws/build/autonomy_repo
