[0.005s] Invoking command in '/home/ariel/autonomy_ws/build/autonomy_repo': /usr/bin/cmake /home/ariel/autonomy_ws/src/autonomy_repo -DCMAKE_INSTALL_PREFIX=/home/ariel/autonomy_ws/install/autonomy_repo
[0.022s] [31mCMake Error at CMakeLists.txt:9 (find_package):
[0.022s]   By not providing "Findament_cmake.cmake" in CMAKE_MODULE_PATH this project
[0.022s]   has asked CMake to find a package configuration file provided by
[0.023s]   "ament_cmake", but CMake did not find one.
[0.023s] 
[0.023s]   Could not find a package configuration file provided by "ament_cmake" with
[0.023s]   any of the following names:
[0.023s] 
[0.023s]     ament_cmakeConfig.cmake
[0.023s]     ament_cmake-config.cmake
[0.023s] 
[0.023s]   Add the installation prefix of "ament_cmake" to CMAKE_PREFIX_PATH or set
[0.023s]   "ament_cmake_DIR" to a directory containing one of the above files.  If
[0.023s]   "ament_cmake" provides a separate development package or SDK, be sure it
[0.023s]   has been installed.
[0.023s] 
[0.023s] [0m
[0.023s] -- Configuring incomplete, errors occurred!
[0.023s] See also "/home/ariel/autonomy_ws/build/autonomy_repo/CMakeFiles/CMakeOutput.log".
[0.024s] Invoked command in '/home/ariel/autonomy_ws/build/autonomy_repo' returned '1': /usr/bin/cmake /home/ariel/autonomy_ws/src/autonomy_repo -DCMAKE_INSTALL_PREFIX=/home/ariel/autonomy_ws/install/autonomy_repo
