[0.025s] Invoking command in '/home/ariel/autonomy_ws/build/autonomy_repo': CMAKE_PREFIX_PATH=${CMAKE_PREFIX_PATH}:/opt/ros/humble /usr/bin/cmake /home/ariel/autonomy_ws/src/autonomy_repo -DCMAKE_INSTALL_PREFIX=/home/ariel/autonomy_ws/install/autonomy_repo
[0.055s] -- Found ament_cmake: 1.3.12 (/opt/ros/humble/share/ament_cmake/cmake)
[0.192s] -- Override CMake install command with custom implementation using symlinks instead of copying resources
[0.204s] -- Found ament_lint_auto: 0.12.14 (/opt/ros/humble/share/ament_lint_auto/cmake)
[0.283s] -- Added test 'flake8' to check Python code syntax and style conventions
[0.283s] -- Added test 'lint_cmake' to check CMake code style
[0.284s] -- Added test 'pep257' to check Python code against some of the docstring style conventions in PEP 257
[0.284s] -- Added test 'xmllint' to check XML markup files
[0.285s] -- Configuring done
[0.290s] -- Generating done
[0.292s] -- Build files have been written to: /home/ariel/autonomy_ws/build/autonomy_repo
[0.298s] Invoked command in '/home/ariel/autonomy_ws/build/autonomy_repo' returned '0': CMAKE_PREFIX_PATH=${CMAKE_PREFIX_PATH}:/opt/ros/humble /usr/bin/cmake /home/ariel/autonomy_ws/src/autonomy_repo -DCMAKE_INSTALL_PREFIX=/home/ariel/autonomy_ws/install/autonomy_repo
[0.302s] Invoking command in '/home/ariel/autonomy_ws/build/autonomy_repo': CMAKE_PREFIX_PATH=${CMAKE_PREFIX_PATH}:/opt/ros/humble /usr/bin/cmake --build /home/ariel/autonomy_ws/build/autonomy_repo -- -j8 -l8
[0.356s] Invoked command in '/home/ariel/autonomy_ws/build/autonomy_repo' returned '0': CMAKE_PREFIX_PATH=${CMAKE_PREFIX_PATH}:/opt/ros/humble /usr/bin/cmake --build /home/ariel/autonomy_ws/build/autonomy_repo -- -j8 -l8
[0.366s] Invoking command in '/home/ariel/autonomy_ws/build/autonomy_repo': CMAKE_PREFIX_PATH=${CMAKE_PREFIX_PATH}:/opt/ros/humble /usr/bin/cmake --install /home/ariel/autonomy_ws/build/autonomy_repo
[0.376s] -- Install configuration: ""
[0.377s] -- Execute custom install script
[0.377s] -- Up-to-date symlink: /home/ariel/autonomy_ws/install/autonomy_repo/lib/autonomy_repo/heading_controller.py
[0.377s] -- Up-to-date symlink: /home/ariel/autonomy_ws/install/autonomy_repo/lib/autonomy_repo/p3_plot.py
[0.377s] -- Up-to-date symlink: /home/ariel/autonomy_ws/install/autonomy_repo/share/autonomy_repo/launch/heading_control.launch.py
[0.378s] -- Up-to-date symlink: /home/ariel/autonomy_ws/install/autonomy_repo/share/autonomy_repo/rviz/default.rviz
[0.378s] -- Up-to-date symlink: /home/ariel/autonomy_ws/install/autonomy_repo/share/ament_index/resource_index/package_run_dependencies/autonomy_repo
[0.378s] -- Up-to-date symlink: /home/ariel/autonomy_ws/install/autonomy_repo/share/ament_index/resource_index/parent_prefix_path/autonomy_repo
[0.378s] -- Up-to-date symlink: /home/ariel/autonomy_ws/install/autonomy_repo/share/autonomy_repo/environment/ament_prefix_path.sh
[0.378s] -- Up-to-date symlink: /home/ariel/autonomy_ws/install/autonomy_repo/share/autonomy_repo/environment/ament_prefix_path.dsv
[0.378s] -- Up-to-date symlink: /home/ariel/autonomy_ws/install/autonomy_repo/share/autonomy_repo/environment/path.sh
[0.379s] -- Up-to-date symlink: /home/ariel/autonomy_ws/install/autonomy_repo/share/autonomy_repo/environment/path.dsv
[0.379s] -- Up-to-date symlink: /home/ariel/autonomy_ws/install/autonomy_repo/share/autonomy_repo/local_setup.bash
[0.379s] -- Up-to-date symlink: /home/ariel/autonomy_ws/install/autonomy_repo/share/autonomy_repo/local_setup.sh
[0.379s] -- Up-to-date symlink: /home/ariel/autonomy_ws/install/autonomy_repo/share/autonomy_repo/local_setup.zsh
[0.379s] -- Up-to-date symlink: /home/ariel/autonomy_ws/install/autonomy_repo/share/autonomy_repo/local_setup.dsv
[0.380s] -- Symlinking: /home/ariel/autonomy_ws/install/autonomy_repo/share/autonomy_repo/package.dsv
[0.397s] -- Up-to-date symlink: /home/ariel/autonomy_ws/install/autonomy_repo/share/ament_index/resource_index/packages/autonomy_repo
[0.397s] -- Up-to-date symlink: /home/ariel/autonomy_ws/install/autonomy_repo/share/autonomy_repo/cmake/autonomy_repoConfig.cmake
[0.398s] -- Up-to-date symlink: /home/ariel/autonomy_ws/install/autonomy_repo/share/autonomy_repo/cmake/autonomy_repoConfig-version.cmake
[0.398s] -- Up-to-date symlink: /home/ariel/autonomy_ws/install/autonomy_repo/share/autonomy_repo/package.xml
[0.400s] Invoked command in '/home/ariel/autonomy_ws/build/autonomy_repo' returned '0': CMAKE_PREFIX_PATH=${CMAKE_PREFIX_PATH}:/opt/ros/humble /usr/bin/cmake --install /home/ariel/autonomy_ws/build/autonomy_repo
